
Allocating common symbols
Common symbol       size              file

terminal_color      0x1               kernel.o
terminal_column     0x4               kernel.o
terminal_buffer     0x4               kernel.o
terminal_row        0x4               kernel.o

Memory Configuration

Name             Origin             Length             Attributes
*default*        0x0000000000000000 0xffffffffffffffff

Linker script and memory map

                0x0000000000010000                . = 0x10000

.text           0x0000000000010000      0x318
 *(.entry)
 .entry         0x0000000000010000       0x7c kernel.o
                0x0000000000010000                kernel_entry
 *(.text*)
 .text          0x000000000001007c      0x29c kernel.o
                0x00000000000100af                strlen
                0x00000000000100d4                terminal_initialize
                0x0000000000010173                terminal_setcolor
                0x000000000001018a                terminal_putentryat
                0x00000000000101da                terminal_putchar
                0x0000000000010273                terminal_write
                0x00000000000102a6                terminal_print
                0x00000000000102c3                terminal_title
                0x00000000000102d3                terminal_print_centered

.iplt           0x0000000000010318        0x0
 .iplt          0x0000000000010318        0x0 kernel.o

.rodata         0x0000000000010318       0x76
 *(.rodata)
 .rodata        0x0000000000010318       0x76 kernel.o

.eh_frame       0x0000000000010390      0x1a0
 .eh_frame      0x0000000000010390      0x1a0 kernel.o

.rel.dyn        0x0000000000010530        0x0
 .rel.got       0x0000000000010530        0x0 kernel.o
 .rel.iplt      0x0000000000010530        0x0 kernel.o
 .rel.text      0x0000000000010530        0x0 kernel.o
 .rel.entry     0x0000000000010530        0x0 kernel.o

.data           0x0000000000010530        0x0
 *(.data)
 .data          0x0000000000010530        0x0 kernel.o

.got            0x0000000000010530        0x0
 .got           0x0000000000010530        0x0 kernel.o

.got.plt        0x0000000000010530        0x0
 .got.plt       0x0000000000010530        0x0 kernel.o

.igot.plt       0x0000000000010530        0x0
 .igot.plt      0x0000000000010530        0x0 kernel.o

.bss            0x0000000000010530       0x10
 *(COMMON)
 COMMON         0x0000000000010530       0x10 kernel.o
                0x0000000000010530                terminal_color
                0x0000000000010534                terminal_column
                0x0000000000010538                terminal_buffer
                0x000000000001053c                terminal_row
 *(.bss)
 .bss           0x0000000000010540        0x0 kernel.o
LOAD kernel.o
OUTPUT(kernel elf32-i386)

.comment        0x0000000000000000       0x11
 .comment       0x0000000000000000       0x11 kernel.o
                                         0x12 (size before relaxing)
