
Allocating common symbols
Common symbol       size              file

buffer              0x4c2c            ./out/terminal.o
idt                 0x800             ./out/idt.o
idtr                0x6               ./out/idt.o

Memory Configuration

Name             Origin             Length             Attributes
*default*        0x0000000000000000 0xffffffffffffffff

Linker script and memory map

                0x0000000000010000                . = 0x10000

.text           0x0000000000010000      0x8b4
 *(.entry)
 .entry         0x0000000000010000       0x36 ./out/kernel_main.o
                0x0000000000010000                kernel_entry
 *(.text*)
 .text          0x0000000000010036      0x15f ./out/pic_driver.o
                0x0000000000010085                pic_remap_vectors
                0x0000000000010165                pic_send_eoi
 .text          0x0000000000010195      0x17f ./out/idt.o
                0x0000000000010195                idt_set_descriptor
                0x00000000000101e8                default_handler
                0x000000000001020e                pit_timer
                0x00000000000102a9                idt_init
 .text          0x0000000000010314      0x1a2 ./out/terminal.o
                0x0000000000010344                putat
                0x00000000000103e2                terminal_print
                0x000000000001045d                terminal_status_print
                0x0000000000010478                terminal_init
 .text          0x00000000000104b6      0x3ab ./out/vga_driver.o
                0x00000000000104f0                enable_cursor
                0x0000000000010573                vga_set_cursor
                0x0000000000010589                vga_putat_c
                0x00000000000105d5                vga_putat_c_cnt
                0x000000000001061c                vga_putat
                0x000000000001066d                vga_puts
                0x00000000000106b2                vga_puts_c
                0x0000000000010706                vga_putcolor
                0x00000000000107e8                vga_clear
                0x000000000001083b                vga_getchar
 .text          0x0000000000010861       0x53 ./out/kernel_main.o
                0x0000000000010861                screen_init

.iplt           0x00000000000108b4        0x0
 .iplt          0x00000000000108b4        0x0 ./out/pic_driver.o

.rodata         0x00000000000108b4       0x32
 *(.rodata)
 .rodata        0x00000000000108b4       0x1e ./out/idt.o
 .rodata        0x00000000000108d2       0x14 ./out/kernel_main.o

.eh_frame       0x00000000000108e8      0x3b0
 .eh_frame      0x00000000000108e8       0xb8 ./out/pic_driver.o
 .eh_frame      0x00000000000109a0       0x8c ./out/idt.o
                                         0xa4 (size before relaxing)
 .eh_frame      0x0000000000010a2c       0xa8 ./out/terminal.o
                                         0xc0 (size before relaxing)
 .eh_frame      0x0000000000010ad4      0x188 ./out/vga_driver.o
                                        0x1a0 (size before relaxing)
 .eh_frame      0x0000000000010c5c       0x3c ./out/kernel_main.o
                                         0x54 (size before relaxing)

.rel.dyn        0x0000000000010c98        0x0
 .rel.got       0x0000000000010c98        0x0 ./out/pic_driver.o
 .rel.iplt      0x0000000000010c98        0x0 ./out/pic_driver.o
 .rel.text      0x0000000000010c98        0x0 ./out/pic_driver.o

.data           0x0000000000010c98        0x4
 *(.data)
 .data          0x0000000000010c98        0x0 ./out/pic_driver.o
 .data          0x0000000000010c98        0x0 ./out/idt.o
 .data          0x0000000000010c98        0x0 ./out/terminal.o
 .data          0x0000000000010c98        0x4 ./out/vga_driver.o
                0x0000000000010c98                vga_buffer
 .data          0x0000000000010c9c        0x0 ./out/kernel_main.o

.got            0x0000000000010c9c        0x0
 .got           0x0000000000010c9c        0x0 ./out/pic_driver.o

.got.plt        0x0000000000010c9c        0x0
 .got.plt       0x0000000000010c9c        0x0 ./out/pic_driver.o

.igot.plt       0x0000000000010c9c        0x0
 .igot.plt      0x0000000000010c9c        0x0 ./out/pic_driver.o

.bss            0x0000000000010ca0     0x5460
 *(COMMON)
 COMMON         0x0000000000010ca0      0x806 ./out/idt.o
                0x0000000000010ca0                idt
                0x00000000000114a0                idtr
 *fill*         0x00000000000114a6       0x1a 
 COMMON         0x00000000000114c0     0x4c2c ./out/terminal.o
                0x00000000000114c0                buffer
 *(.bss)
 .bss           0x00000000000160ec        0x0 ./out/pic_driver.o
 .bss           0x00000000000160ec        0x0 ./out/idt.o
 .bss           0x00000000000160ec        0xc ./out/terminal.o
                0x00000000000160ec                terminal_x
                0x00000000000160f0                terminal_y
                0x00000000000160f4                start
 .bss           0x00000000000160f8        0x2 ./out/vga_driver.o
                0x00000000000160f8                vga_row
                0x00000000000160f9                vga_coloumn
 *fill*         0x00000000000160fa        0x2 
 .bss           0x00000000000160fc        0x4 ./out/kernel_main.o
                0x00000000000160fc                kernel_tick
LOAD ./out/pic_driver.o
LOAD ./out/idt.o
LOAD ./out/terminal.o
LOAD ./out/vga_driver.o
LOAD ./out/kernel_main.o
OUTPUT(out/kernel.elf elf32-i386)

.comment        0x0000000000000000       0x11
 .comment       0x0000000000000000       0x11 ./out/pic_driver.o
                                         0x12 (size before relaxing)
 .comment       0x0000000000000011       0x12 ./out/idt.o
 .comment       0x0000000000000011       0x12 ./out/terminal.o
 .comment       0x0000000000000011       0x12 ./out/vga_driver.o
 .comment       0x0000000000000011       0x12 ./out/kernel_main.o
