
Allocating common symbols
Common symbol       size              file

buffer              0x4c2c            ./out/terminal.o
idt                 0x800             ./out/idt.o
idtr                0x6               ./out/idt.o

Memory Configuration

Name             Origin             Length             Attributes
*default*        0x0000000000000000 0xffffffffffffffff

Linker script and memory map

                0x0000000000010000                . = 0x10000

.text           0x0000000000010000      0x952
 *(.entry)
 .entry         0x0000000000010000       0x36 ./out/kernel_main.o
                0x0000000000010000                kernel_entry
 *(.text*)
 .text          0x0000000000010036      0x15f ./out/pic_driver.o
                0x0000000000010085                pic_remap_vectors
                0x0000000000010165                pic_send_eoi
 .text          0x0000000000010195      0x1f7 ./out/idt.o
                0x00000000000101b0                idt_set_descriptor
                0x0000000000010203                default_handler
                0x000000000001022b                pit_timer
                0x00000000000102c6                keyboard
                0x000000000001030d                idt_init
 .text          0x000000000001038c      0x1c8 ./out/terminal.o
                0x00000000000103bc                putat
                0x000000000001045a                terminal_print
                0x00000000000104d5                terminal_println
                0x00000000000104fb                terminal_status_print
                0x0000000000010516                terminal_init
 .text          0x0000000000010554      0x3ab ./out/vga_driver.o
                0x000000000001058e                enable_cursor
                0x0000000000010611                vga_set_cursor
                0x0000000000010627                vga_putat_c
                0x0000000000010673                vga_putat_c_cnt
                0x00000000000106ba                vga_putat
                0x000000000001070b                vga_puts
                0x0000000000010750                vga_puts_c
                0x00000000000107a4                vga_putcolor
                0x0000000000010886                vga_clear
                0x00000000000108d9                vga_getchar
 .text          0x00000000000108ff       0x53 ./out/kernel_main.o
                0x00000000000108ff                screen_init

.iplt           0x0000000000010952        0x0
 .iplt          0x0000000000010952        0x0 ./out/pic_driver.o

.rodata         0x0000000000010952       0x48
 *(.rodata)
 .rodata        0x0000000000010952       0x36 ./out/idt.o
 .rodata        0x0000000000010988       0x12 ./out/kernel_main.o

.eh_frame       0x000000000001099c      0x41c
 .eh_frame      0x000000000001099c       0xb8 ./out/pic_driver.o
 .eh_frame      0x0000000000010a54       0xd8 ./out/idt.o
                                         0xf0 (size before relaxing)
 .eh_frame      0x0000000000010b2c       0xc8 ./out/terminal.o
                                         0xe0 (size before relaxing)
 .eh_frame      0x0000000000010bf4      0x188 ./out/vga_driver.o
                                        0x1a0 (size before relaxing)
 .eh_frame      0x0000000000010d7c       0x3c ./out/kernel_main.o
                                         0x54 (size before relaxing)

.rel.dyn        0x0000000000010db8        0x0
 .rel.got       0x0000000000010db8        0x0 ./out/pic_driver.o
 .rel.iplt      0x0000000000010db8        0x0 ./out/pic_driver.o
 .rel.text      0x0000000000010db8        0x0 ./out/pic_driver.o

.data           0x0000000000010db8        0x4
 *(.data)
 .data          0x0000000000010db8        0x0 ./out/pic_driver.o
 .data          0x0000000000010db8        0x0 ./out/idt.o
 .data          0x0000000000010db8        0x0 ./out/terminal.o
 .data          0x0000000000010db8        0x4 ./out/vga_driver.o
                0x0000000000010db8                vga_buffer
 .data          0x0000000000010dbc        0x0 ./out/kernel_main.o

.got            0x0000000000010dbc        0x0
 .got           0x0000000000010dbc        0x0 ./out/pic_driver.o

.got.plt        0x0000000000010dbc        0x0
 .got.plt       0x0000000000010dbc        0x0 ./out/pic_driver.o

.igot.plt       0x0000000000010dbc        0x0
 .igot.plt      0x0000000000010dbc        0x0 ./out/pic_driver.o

.bss            0x0000000000010dc0     0x5460
 *(COMMON)
 COMMON         0x0000000000010dc0      0x806 ./out/idt.o
                0x0000000000010dc0                idt
                0x00000000000115c0                idtr
 *fill*         0x00000000000115c6       0x1a 
 COMMON         0x00000000000115e0     0x4c2c ./out/terminal.o
                0x00000000000115e0                buffer
 *(.bss)
 .bss           0x000000000001620c        0x0 ./out/pic_driver.o
 .bss           0x000000000001620c        0x0 ./out/idt.o
 .bss           0x000000000001620c        0xc ./out/terminal.o
                0x000000000001620c                terminal_x
                0x0000000000016210                terminal_y
                0x0000000000016214                start
 .bss           0x0000000000016218        0x2 ./out/vga_driver.o
                0x0000000000016218                vga_row
                0x0000000000016219                vga_coloumn
 *fill*         0x000000000001621a        0x2 
 .bss           0x000000000001621c        0x4 ./out/kernel_main.o
                0x000000000001621c                kernel_tick
LOAD ./out/pic_driver.o
LOAD ./out/idt.o
LOAD ./out/terminal.o
LOAD ./out/vga_driver.o
LOAD ./out/kernel_main.o
OUTPUT(out/kernel.elf elf32-i386)

.comment        0x0000000000000000       0x11
 .comment       0x0000000000000000       0x11 ./out/pic_driver.o
                                         0x12 (size before relaxing)
 .comment       0x0000000000000011       0x12 ./out/idt.o
 .comment       0x0000000000000011       0x12 ./out/terminal.o
 .comment       0x0000000000000011       0x12 ./out/vga_driver.o
 .comment       0x0000000000000011       0x12 ./out/kernel_main.o
